// Jest Snapshot v1, https://goo.gl/fbAQLP

exports[`New Test suite for util service New 33 testing general getUTC time: 2020-07-04 12:44:22.5050 1`] = `"2020-07-04 12:44:22.5030"`;

exports[`New Test suite for util service New 33 testing general getUTC time: 2020-07-04 12:44:48.9230 1`] = `"2020-07-04 12:44:48.9230"`;

exports[`New Test suite for util service New testing general getUTC time 1`] = `"2020-06-04 10:30:09.2200"`;

exports[`Test suite for util service testing general getUTC time 1`] = `"2018–01–30 12:34:56.0000"`;
